------------------------------------------------------------
Timing Analyzer Summary
------------------------------------------------------------

Type  : Slow 1100mV 85C Model Setup 'KEY[1]'
Slack : 15.281
TNS   : 0.000

Type  : Slow 1100mV 85C Model Setup 'KEY[0]'
Slack : 17.936
TNS   : 0.000

Type  : Slow 1100mV 85C Model Hold 'KEY[1]'
Slack : -1.714
TNS   : -3.426

Type  : Slow 1100mV 85C Model Hold 'KEY[0]'
Slack : 0.344
TNS   : 0.000

Type  : Slow 1100mV 85C Model Minimum Pulse Width 'KEY[1]'
Slack : 8.664
TNS   : 0.000

Type  : Slow 1100mV 85C Model Minimum Pulse Width 'KEY[0]'
Slack : 8.704
TNS   : 0.000

Type  : Slow 1100mV 0C Model Setup 'KEY[1]'
Slack : 15.286
TNS   : 0.000

Type  : Slow 1100mV 0C Model Setup 'KEY[0]'
Slack : 18.048
TNS   : 0.000

Type  : Slow 1100mV 0C Model Hold 'KEY[1]'
Slack : -1.588
TNS   : -3.173

Type  : Slow 1100mV 0C Model Hold 'KEY[0]'
Slack : 0.318
TNS   : 0.000

Type  : Slow 1100mV 0C Model Minimum Pulse Width 'KEY[1]'
Slack : 8.651
TNS   : 0.000

Type  : Slow 1100mV 0C Model Minimum Pulse Width 'KEY[0]'
Slack : 8.705
TNS   : 0.000

Type  : Fast 1100mV 85C Model Setup 'KEY[1]'
Slack : 17.348
TNS   : 0.000

Type  : Fast 1100mV 85C Model Setup 'KEY[0]'
Slack : 18.610
TNS   : 0.000

Type  : Fast 1100mV 85C Model Hold 'KEY[1]'
Slack : -0.896
TNS   : -1.790

Type  : Fast 1100mV 85C Model Hold 'KEY[0]'
Slack : 0.181
TNS   : 0.000

Type  : Fast 1100mV 85C Model Minimum Pulse Width 'KEY[1]'
Slack : 8.248
TNS   : 0.000

Type  : Fast 1100mV 85C Model Minimum Pulse Width 'KEY[0]'
Slack : 8.277
TNS   : 0.000

Type  : Fast 1100mV 0C Model Setup 'KEY[1]'
Slack : 17.368
TNS   : 0.000

Type  : Fast 1100mV 0C Model Setup 'KEY[0]'
Slack : 18.778
TNS   : 0.000

Type  : Fast 1100mV 0C Model Hold 'KEY[1]'
Slack : -0.893
TNS   : -1.784

Type  : Fast 1100mV 0C Model Hold 'KEY[0]'
Slack : 0.171
TNS   : 0.000

Type  : Fast 1100mV 0C Model Minimum Pulse Width 'KEY[1]'
Slack : 8.223
TNS   : 0.000

Type  : Fast 1100mV 0C Model Minimum Pulse Width 'KEY[0]'
Slack : 8.252
TNS   : 0.000

------------------------------------------------------------
